Command line invocation:
    /Applications/Xcode.app/Contents/Developer/usr/bin/xcodebuild build -scheme M4-Besigue -destination "platform=iOS Simulator,id=B3976291-71CA-4027-A81D-691420979382"

ComputePackagePrebuildTargetDependencyGraph

Prepare packages

CreateBuildRequest

SendProjectDescription

CreateBuildOperation

ComputeTargetDependencyGraph
note: Building targets in dependency order
note: Target dependency graph (1 target)
    Target 'M4-Besigue' in project 'M4-Besigue' (no dependencies)

GatherProvisioningInputs

CreateBuildDescription

ExecuteExternalTool /Applications/Xcode.app/Contents/Developer/Toolchains/XcodeDefault.xctoolchain/usr/bin/clang -v -E -dM -isysroot /Applications/Xcode.app/Contents/Developer/Platforms/iPhoneSimulator.platform/Developer/SDKs/iPhoneSimulator18.5.sdk -x c -c /dev/null

ExecuteExternalTool /Applications/Xcode.app/Contents/Developer/usr/bin/momc --dry-run --action generate --swift-version 5.0 --sdkroot /Applications/Xcode.app/Contents/Developer/Platforms/iPhoneSimulator.platform/Developer/SDKs/iPhoneSimulator18.5.sdk --iphonesimulator-deployment-target 18.5 --module M4_Besigue /Users/paulfaustin/Documents/My Docs/My Working/M4/M4-Besigue/M4-Besigue/M4_Besigue.xcdatamodeld /Users/paulfaustin/Library/Developer/Xcode/DerivedData/M4-Besigue-eikqqirvrspelwbaehlhymzomkfp/Build/Intermediates.noindex/M4-Besigue.build/Debug-iphonesimulator/M4-Besigue.build/DerivedSources/CoreDataGenerated/M4_Besigue

ExecuteExternalTool /Applications/Xcode.app/Contents/Developer/usr/bin/actool --print-asset-tag-combinations --output-format xml1 /Users/paulfaustin/Documents/My Docs/My Working/M4/M4-Besigue/M4-Besigue/Assets.xcassets

ExecuteExternalTool /Applications/Xcode.app/Contents/Developer/usr/bin/actool --version --output-format xml1

ExecuteExternalTool /Applications/Xcode.app/Contents/Developer/Toolchains/XcodeDefault.xctoolchain/usr/bin/swiftc --version

ExecuteExternalTool /Applications/Xcode.app/Contents/Developer/Toolchains/XcodeDefault.xctoolchain/usr/bin/ld -version_details

Build description signature: d89848fb91007b7131e913ed66e02918
Build description path: /Users/paulfaustin/Library/Developer/Xcode/DerivedData/M4-Besigue-eikqqirvrspelwbaehlhymzomkfp/Build/Intermediates.noindex/XCBuildData/d89848fb91007b7131e913ed66e02918.xcbuilddata
ClangStatCache /Applications/Xcode.app/Contents/Developer/Toolchains/XcodeDefault.xctoolchain/usr/bin/clang-stat-cache /Applications/Xcode.app/Contents/Developer/Platforms/iPhoneSimulator.platform/Developer/SDKs/iPhoneSimulator18.5.sdk /Users/paulfaustin/Library/Developer/Xcode/DerivedData/SDKStatCaches.noindex/iphonesimulator18.5-22F76-d5fc8ad4295d2ef488fb7d0f804ce0c4.sdkstatcache
    cd /Users/paulfaustin/Documents/My\ Docs/My\ Working/M4/M4-Besigue/M4-Besigue.xcodeproj
    /Applications/Xcode.app/Contents/Developer/Toolchains/XcodeDefault.xctoolchain/usr/bin/clang-stat-cache /Applications/Xcode.app/Contents/Developer/Platforms/iPhoneSimulator.platform/Developer/SDKs/iPhoneSimulator18.5.sdk -o /Users/paulfaustin/Library/Developer/Xcode/DerivedData/SDKStatCaches.noindex/iphonesimulator18.5-22F76-d5fc8ad4295d2ef488fb7d0f804ce0c4.sdkstatcache

WriteAuxiliaryFile /Users/paulfaustin/Library/Developer/Xcode/DerivedData/M4-Besigue-eikqqirvrspelwbaehlhymzomkfp/Build/Intermediates.noindex/M4-Besigue.build/Debug-iphonesimulator/M4-Besigue.build/Objects-normal/arm64/M4-Besigue.SwiftConstValuesFileList (in target 'M4-Besigue' from project 'M4-Besigue')
    cd /Users/paulfaustin/Documents/My\ Docs/My\ Working/M4/M4-Besigue
    write-file /Users/paulfaustin/Library/Developer/Xcode/DerivedData/M4-Besigue-eikqqirvrspelwbaehlhymzomkfp/Build/Intermediates.noindex/M4-Besigue.build/Debug-iphonesimulator/M4-Besigue.build/Objects-normal/arm64/M4-Besigue.SwiftConstValuesFileList

WriteAuxiliaryFile /Users/paulfaustin/Library/Developer/Xcode/DerivedData/M4-Besigue-eikqqirvrspelwbaehlhymzomkfp/Build/Intermediates.noindex/M4-Besigue.build/Debug-iphonesimulator/M4-Besigue.build/Objects-normal/arm64/M4-Besigue.SwiftFileList (in target 'M4-Besigue' from project 'M4-Besigue')
    cd /Users/paulfaustin/Documents/My\ Docs/My\ Working/M4/M4-Besigue
    write-file /Users/paulfaustin/Library/Developer/Xcode/DerivedData/M4-Besigue-eikqqirvrspelwbaehlhymzomkfp/Build/Intermediates.noindex/M4-Besigue.build/Debug-iphonesimulator/M4-Besigue.build/Objects-normal/arm64/M4-Besigue.SwiftFileList

WriteAuxiliaryFile /Users/paulfaustin/Library/Developer/Xcode/DerivedData/M4-Besigue-eikqqirvrspelwbaehlhymzomkfp/Build/Intermediates.noindex/M4-Besigue.build/Debug-iphonesimulator/M4-Besigue.build/Objects-normal/arm64/M4-Besigue.LinkFileList (in target 'M4-Besigue' from project 'M4-Besigue')
    cd /Users/paulfaustin/Documents/My\ Docs/My\ Working/M4/M4-Besigue
    write-file /Users/paulfaustin/Library/Developer/Xcode/DerivedData/M4-Besigue-eikqqirvrspelwbaehlhymzomkfp/Build/Intermediates.noindex/M4-Besigue.build/Debug-iphonesimulator/M4-Besigue.build/Objects-normal/arm64/M4-Besigue.LinkFileList

ProcessProductPackaging /Users/paulfaustin/Documents/My\ Docs/My\ Working/M4/M4-Besigue/M4-Besigue/M4_Besigue.entitlements /Users/paulfaustin/Library/Developer/Xcode/DerivedData/M4-Besigue-eikqqirvrspelwbaehlhymzomkfp/Build/Intermediates.noindex/M4-Besigue.build/Debug-iphonesimulator/M4-Besigue.build/M4-Besigue.app-Simulated.xcent (in target 'M4-Besigue' from project 'M4-Besigue')
    cd /Users/paulfaustin/Documents/My\ Docs/My\ Working/M4/M4-Besigue
    
    Entitlements:
    
    {
    "application-identifier" = "3HMXL3X6K4.com.nivaron.m4besigue.M4-Besigue";
}
    
    builtin-productPackagingUtility /Users/paulfaustin/Documents/My\ Docs/My\ Working/M4/M4-Besigue/M4-Besigue/M4_Besigue.entitlements -entitlements -format xml -o /Users/paulfaustin/Library/Developer/Xcode/DerivedData/M4-Besigue-eikqqirvrspelwbaehlhymzomkfp/Build/Intermediates.noindex/M4-Besigue.build/Debug-iphonesimulator/M4-Besigue.build/M4-Besigue.app-Simulated.xcent

ProcessProductPackagingDER /Users/paulfaustin/Library/Developer/Xcode/DerivedData/M4-Besigue-eikqqirvrspelwbaehlhymzomkfp/Build/Intermediates.noindex/M4-Besigue.build/Debug-iphonesimulator/M4-Besigue.build/M4-Besigue.app-Simulated.xcent /Users/paulfaustin/Library/Developer/Xcode/DerivedData/M4-Besigue-eikqqirvrspelwbaehlhymzomkfp/Build/Intermediates.noindex/M4-Besigue.build/Debug-iphonesimulator/M4-Besigue.build/M4-Besigue.app-Simulated.xcent.der (in target 'M4-Besigue' from project 'M4-Besigue')
    cd /Users/paulfaustin/Documents/My\ Docs/My\ Working/M4/M4-Besigue
    /usr/bin/derq query -f xml -i /Users/paulfaustin/Library/Developer/Xcode/DerivedData/M4-Besigue-eikqqirvrspelwbaehlhymzomkfp/Build/Intermediates.noindex/M4-Besigue.build/Debug-iphonesimulator/M4-Besigue.build/M4-Besigue.app-Simulated.xcent -o /Users/paulfaustin/Library/Developer/Xcode/DerivedData/M4-Besigue-eikqqirvrspelwbaehlhymzomkfp/Build/Intermediates.noindex/M4-Besigue.build/Debug-iphonesimulator/M4-Besigue.build/M4-Besigue.app-Simulated.xcent.der --raw

ProcessProductPackaging /Users/paulfaustin/Documents/My\ Docs/My\ Working/M4/M4-Besigue/M4-Besigue/M4_Besigue.entitlements /Users/paulfaustin/Library/Developer/Xcode/DerivedData/M4-Besigue-eikqqirvrspelwbaehlhymzomkfp/Build/Intermediates.noindex/M4-Besigue.build/Debug-iphonesimulator/M4-Besigue.build/M4-Besigue.app.xcent (in target 'M4-Besigue' from project 'M4-Besigue')
    cd /Users/paulfaustin/Documents/My\ Docs/My\ Working/M4/M4-Besigue
    
    Entitlements:
    
    {
}
    
    builtin-productPackagingUtility /Users/paulfaustin/Documents/My\ Docs/My\ Working/M4/M4-Besigue/M4-Besigue/M4_Besigue.entitlements -entitlements -format xml -o /Users/paulfaustin/Library/Developer/Xcode/DerivedData/M4-Besigue-eikqqirvrspelwbaehlhymzomkfp/Build/Intermediates.noindex/M4-Besigue.build/Debug-iphonesimulator/M4-Besigue.build/M4-Besigue.app.xcent

ProcessProductPackagingDER /Users/paulfaustin/Library/Developer/Xcode/DerivedData/M4-Besigue-eikqqirvrspelwbaehlhymzomkfp/Build/Intermediates.noindex/M4-Besigue.build/Debug-iphonesimulator/M4-Besigue.build/M4-Besigue.app.xcent /Users/paulfaustin/Library/Developer/Xcode/DerivedData/M4-Besigue-eikqqirvrspelwbaehlhymzomkfp/Build/Intermediates.noindex/M4-Besigue.build/Debug-iphonesimulator/M4-Besigue.build/M4-Besigue.app.xcent.der (in target 'M4-Besigue' from project 'M4-Besigue')
    cd /Users/paulfaustin/Documents/My\ Docs/My\ Working/M4/M4-Besigue
    /usr/bin/derq query -f xml -i /Users/paulfaustin/Library/Developer/Xcode/DerivedData/M4-Besigue-eikqqirvrspelwbaehlhymzomkfp/Build/Intermediates.noindex/M4-Besigue.build/Debug-iphonesimulator/M4-Besigue.build/M4-Besigue.app.xcent -o /Users/paulfaustin/Library/Developer/Xcode/DerivedData/M4-Besigue-eikqqirvrspelwbaehlhymzomkfp/Build/Intermediates.noindex/M4-Besigue.build/Debug-iphonesimulator/M4-Besigue.build/M4-Besigue.app.xcent.der --raw

CompileAssetCatalogVariant thinned /Users/paulfaustin/Library/Developer/Xcode/DerivedData/M4-Besigue-eikqqirvrspelwbaehlhymzomkfp/Build/Products/Debug-iphonesimulator/M4-Besigue.app /Users/paulfaustin/Documents/My\ Docs/My\ Working/M4/M4-Besigue/M4-Besigue/Assets.xcassets (in target 'M4-Besigue' from project 'M4-Besigue')
    cd /Users/paulfaustin/Documents/My\ Docs/My\ Working/M4/M4-Besigue
    /Applications/Xcode.app/Contents/Developer/usr/bin/actool /Users/paulfaustin/Documents/My\ Docs/My\ Working/M4/M4-Besigue/M4-Besigue/Assets.xcassets --compile /Users/paulfaustin/Library/Developer/Xcode/DerivedData/M4-Besigue-eikqqirvrspelwbaehlhymzomkfp/Build/Intermediates.noindex/M4-Besigue.build/Debug-iphonesimulator/M4-Besigue.build/assetcatalog_output/thinned --output-format human-readable-text --notices --warnings --export-dependency-info /Users/paulfaustin/Library/Developer/Xcode/DerivedData/M4-Besigue-eikqqirvrspelwbaehlhymzomkfp/Build/Intermediates.noindex/M4-Besigue.build/Debug-iphonesimulator/M4-Besigue.build/assetcatalog_dependencies_thinned --output-partial-info-plist /Users/paulfaustin/Library/Developer/Xcode/DerivedData/M4-Besigue-eikqqirvrspelwbaehlhymzomkfp/Build/Intermediates.noindex/M4-Besigue.build/Debug-iphonesimulator/M4-Besigue.build/assetcatalog_generated_info.plist_thinned --app-icon AppIcon --accent-color AccentColor --compress-pngs --enable-on-demand-resources YES --filter-for-thinning-device-configuration iPhone17,3 --filter-for-device-os-version 18.5 --development-region en --target-device iphone --target-device ipad --minimum-deployment-target 18.5 --platform iphonesimulator

SwiftDriver M4-Besigue normal arm64 com.apple.xcode.tools.swift.compiler (in target 'M4-Besigue' from project 'M4-Besigue')
    cd /Users/paulfaustin/Documents/My\ Docs/My\ Working/M4/M4-Besigue
    builtin-SwiftDriver -- /Applications/Xcode.app/Contents/Developer/Toolchains/XcodeDefault.xctoolchain/usr/bin/swiftc -module-name M4_Besigue -Onone -enforce-exclusivity\=checked @/Users/paulfaustin/Library/Developer/Xcode/DerivedData/M4-Besigue-eikqqirvrspelwbaehlhymzomkfp/Build/Intermediates.noindex/M4-Besigue.build/Debug-iphonesimulator/M4-Besigue.build/Objects-normal/arm64/M4-Besigue.SwiftFileList -DDEBUG -enable-bare-slash-regex -enable-experimental-feature DebugDescriptionMacro -sdk /Applications/Xcode.app/Contents/Developer/Platforms/iPhoneSimulator.platform/Developer/SDKs/iPhoneSimulator18.5.sdk -target arm64-apple-ios18.5-simulator -g -module-cache-path /Users/paulfaustin/Library/Developer/Xcode/DerivedData/ModuleCache.noindex -Xfrontend -serialize-debugging-options -profile-coverage-mapping -profile-generate -enable-testing -index-store-path /Users/paulfaustin/Library/Developer/Xcode/DerivedData/M4-Besigue-eikqqirvrspelwbaehlhymzomkfp/Index.noindex/DataStore -swift-version 5 -I /Users/paulfaustin/Library/Developer/Xcode/DerivedData/M4-Besigue-eikqqirvrspelwbaehlhymzomkfp/Build/Products/Debug-iphonesimulator -F /Users/paulfaustin/Library/Developer/Xcode/DerivedData/M4-Besigue-eikqqirvrspelwbaehlhymzomkfp/Build/Products/Debug-iphonesimulator -emit-localized-strings -emit-localized-strings-path /Users/paulfaustin/Library/Developer/Xcode/DerivedData/M4-Besigue-eikqqirvrspelwbaehlhymzomkfp/Build/Intermediates.noindex/M4-Besigue.build/Debug-iphonesimulator/M4-Besigue.build/Objects-normal/arm64 -c -j8 -enable-batch-mode -incremental -Xcc -ivfsstatcache -Xcc /Users/paulfaustin/Library/Developer/Xcode/DerivedData/SDKStatCaches.noindex/iphonesimulator18.5-22F76-d5fc8ad4295d2ef488fb7d0f804ce0c4.sdkstatcache -output-file-map /Users/paulfaustin/Library/Developer/Xcode/DerivedData/M4-Besigue-eikqqirvrspelwbaehlhymzomkfp/Build/Intermediates.noindex/M4-Besigue.build/Debug-iphonesimulator/M4-Besigue.build/Objects-normal/arm64/M4-Besigue-OutputFileMap.json -use-frontend-parseable-output -save-temps -no-color-diagnostics -serialize-diagnostics -emit-dependencies -emit-module -emit-module-path /Users/paulfaustin/Library/Developer/Xcode/DerivedData/M4-Besigue-eikqqirvrspelwbaehlhymzomkfp/Build/Intermediates.noindex/M4-Besigue.build/Debug-iphonesimulator/M4-Besigue.build/Objects-normal/arm64/M4_Besigue.swiftmodule -validate-clang-modules-once -clang-build-session-file /Users/paulfaustin/Library/Developer/Xcode/DerivedData/ModuleCache.noindex/Session.modulevalidation -Xcc -I/Users/paulfaustin/Library/Developer/Xcode/DerivedData/M4-Besigue-eikqqirvrspelwbaehlhymzomkfp/Build/Intermediates.noindex/M4-Besigue.build/Debug-iphonesimulator/M4-Besigue.build/swift-overrides.hmap -emit-const-values -Xfrontend -const-gather-protocols-file -Xfrontend /Users/paulfaustin/Library/Developer/Xcode/DerivedData/M4-Besigue-eikqqirvrspelwbaehlhymzomkfp/Build/Intermediates.noindex/M4-Besigue.build/Debug-iphonesimulator/M4-Besigue.build/Objects-normal/arm64/M4-Besigue_const_extract_protocols.json -Xcc -iquote -Xcc /Users/paulfaustin/Library/Developer/Xcode/DerivedData/M4-Besigue-eikqqirvrspelwbaehlhymzomkfp/Build/Intermediates.noindex/M4-Besigue.build/Debug-iphonesimulator/M4-Besigue.build/M4-Besigue-generated-files.hmap -Xcc -I/Users/paulfaustin/Library/Developer/Xcode/DerivedData/M4-Besigue-eikqqirvrspelwbaehlhymzomkfp/Build/Intermediates.noindex/M4-Besigue.build/Debug-iphonesimulator/M4-Besigue.build/M4-Besigue-own-target-headers.hmap -Xcc -I/Users/paulfaustin/Library/Developer/Xcode/DerivedData/M4-Besigue-eikqqirvrspelwbaehlhymzomkfp/Build/Intermediates.noindex/M4-Besigue.build/Debug-iphonesimulator/M4-Besigue.build/M4-Besigue-all-target-headers.hmap -Xcc -iquote -Xcc /Users/paulfaustin/Library/Developer/Xcode/DerivedData/M4-Besigue-eikqqirvrspelwbaehlhymzomkfp/Build/Intermediates.noindex/M4-Besigue.build/Debug-iphonesimulator/M4-Besigue.build/M4-Besigue-project-headers.hmap -Xcc -I/Users/paulfaustin/Library/Developer/Xcode/DerivedData/M4-Besigue-eikqqirvrspelwbaehlhymzomkfp/Build/Products/Debug-iphonesimulator/include -Xcc -I/Users/paulfaustin/Library/Developer/Xcode/DerivedData/M4-Besigue-eikqqirvrspelwbaehlhymzomkfp/Build/Intermediates.noindex/M4-Besigue.build/Debug-iphonesimulator/M4-Besigue.build/DerivedSources-normal/arm64 -Xcc -I/Users/paulfaustin/Library/Developer/Xcode/DerivedData/M4-Besigue-eikqqirvrspelwbaehlhymzomkfp/Build/Intermediates.noindex/M4-Besigue.build/Debug-iphonesimulator/M4-Besigue.build/DerivedSources/arm64 -Xcc -I/Users/paulfaustin/Library/Developer/Xcode/DerivedData/M4-Besigue-eikqqirvrspelwbaehlhymzomkfp/Build/Intermediates.noindex/M4-Besigue.build/Debug-iphonesimulator/M4-Besigue.build/DerivedSources -Xcc -DDEBUG\=1 -emit-objc-header -emit-objc-header-path /Users/paulfaustin/Library/Developer/Xcode/DerivedData/M4-Besigue-eikqqirvrspelwbaehlhymzomkfp/Build/Intermediates.noindex/M4-Besigue.build/Debug-iphonesimulator/M4-Besigue.build/Objects-normal/arm64/M4_Besigue-Swift.h -working-directory /Users/paulfaustin/Documents/My\ Docs/My\ Working/M4/M4-Besigue -experimental-emit-module-separately -disable-cmo

SwiftCompile normal arm64 Compiling\ GameBoardContentView.swift,\ HomePageView.swift /Users/paulfaustin/Documents/My\ Docs/My\ Working/M4/M4-Besigue/M4-Besigue/Views/GameBoard2/Components/GameBoardContentView.swift /Users/paulfaustin/Documents/My\ Docs/My\ Working/M4/M4-Besigue/M4-Besigue/Views/HomePageView.swift (in target 'M4-Besigue' from project 'M4-Besigue')
SwiftCompile normal arm64 /Users/paulfaustin/Documents/My\ Docs/My\ Working/M4/M4-Besigue/M4-Besigue/Views/GameBoard2/Components/GameBoardContentView.swift (in target 'M4-Besigue' from project 'M4-Besigue')
    cd /Users/paulfaustin/Documents/My\ Docs/My\ Working/M4/M4-Besigue
    

SwiftCompile normal arm64 /Users/paulfaustin/Documents/My\ Docs/My\ Working/M4/M4-Besigue/M4-Besigue/Views/HomePageView.swift (in target 'M4-Besigue' from project 'M4-Besigue')
    cd /Users/paulfaustin/Documents/My\ Docs/My\ Working/M4/M4-Besigue
    

SwiftCompile normal arm64 Compiling\ GamePlayersLayoutView.swift,\ GameBoardView2.swift /Users/paulfaustin/Documents/My\ Docs/My\ Working/M4/M4-Besigue/M4-Besigue/Views/GameBoard2/Components/GamePlayersLayoutView.swift /Users/paulfaustin/Documents/My\ Docs/My\ Working/M4/M4-Besigue/M4-Besigue/Views/GameBoard2/GameBoardView2.swift (in target 'M4-Besigue' from project 'M4-Besigue')

SwiftCompile normal arm64 /Users/paulfaustin/Documents/My\ Docs/My\ Working/M4/M4-Besigue/M4-Besigue/Views/GameBoard2/Components/GamePlayersLayoutView.swift (in target 'M4-Besigue' from project 'M4-Besigue')
    cd /Users/paulfaustin/Documents/My\ Docs/My\ Working/M4/M4-Besigue
    

SwiftCompile normal arm64 /Users/paulfaustin/Documents/My\ Docs/My\ Working/M4/M4-Besigue/M4-Besigue/Views/GameBoard2/GameBoardView2.swift (in target 'M4-Besigue' from project 'M4-Besigue')
    cd /Users/paulfaustin/Documents/My\ Docs/My\ Working/M4/M4-Besigue
    

SwiftCompile normal arm64 Compiling\ CardView.swift,\ GameBoardBottomSection.swift /Users/paulfaustin/Documents/My\ Docs/My\ Working/M4/M4-Besigue/M4-Besigue/Views/CardView.swift /Users/paulfaustin/Documents/My\ Docs/My\ Working/M4/M4-Besigue/M4-Besigue/Views/GameBoard2/Components/GameBoardBottomSection.swift (in target 'M4-Besigue' from project 'M4-Besigue')
Failed frontend command:
/Applications/Xcode.app/Contents/Developer/Toolchains/XcodeDefault.xctoolchain/usr/bin/swift-frontend -frontend -c /Users/paulfaustin/Documents/My\ Docs/My\ Working/M4/M4-Besigue/M4-Besigue/Services/AudioManager.swift /Users/paulfaustin/Documents/My\ Docs/My\ Working/M4/M4-Besigue/M4-Besigue/Views/MeldZoneView.swift /Users/paulfaustin/Documents/My\ Docs/My\ Working/M4/M4-Besigue/M4-Besigue/Views/GameBoard2/UI/BadgeLegendView2.swift -primary-file /Users/paulfaustin/Documents/My\ Docs/My\ Working/M4/M4-Besigue/M4-Besigue/Views/CardView.swift -primary-file /Users/paulfaustin/Documents/My\ Docs/My\ Working/M4/M4-Besigue/M4-Besigue/Views/GameBoard2/Components/GameBoardBottomSection.swift /Users/paulfaustin/Documents/My\ Docs/My\ Working/M4/M4-Besigue/M4-Besigue/Views/RippleEffectView.swift /Users/paulfaustin/Documents/My\ Docs/My\ Working/M4/M4-Besigue/M4-Besigue/Views/SettingsView.swift /Users/paulfaustin/Documents/My\ Docs/My\ Working/M4/M4-Besigue/M4-Besigue/Views/GameSettingsView.swift /Users/paulfaustin/Documents/My\ Docs/My\ Working/M4/M4-Besigue/M4-Besigue/Services/GameSession.swift /Users/paulfaustin/Documents/My\ Docs/My\ Working/M4/M4-Besigue/M4-Besigue/Models/Game.swift /Users/paulfaustin/Documents/My\ Docs/My\ Working/M4/M4-Besigue/M4-Besigue/Views/GameBoard2/Components/PlayerTable.swift /Users/paulfaustin/Documents/My\ Docs/My\ Working/M4/M4-Besigue/M4-Besigue/Models/GameSettings.swift /Users/paulfaustin/Documents/My\ Docs/My\ Working/M4/M4-Besigue/M4-Besigue/Models/GameRules.swift /Users/paulfaustin/Documents/My\ Docs/My\ Working/M4/M4-Besigue/M4-Besigue/Models/Player.swift /Users/paulfaustin/Documents/My\ Docs/My\ Working/M4/M4-Besigue/M4-Besigue/Models/NetworkGame.swift /Users/paulfaustin/Documents/My\ Docs/My\ Working/M4/M4-Besigue/M4-Besigue/Views/GameBoard2/Components/GameBoardBackgroundView.swift /Users/paulfaustin/Documents/My\ Docs/My\ Working/M4/M4-Besigue/M4-Besigue/Views/GameBoard2/Components/GameBoardCenterSection.swift /Users/paulfaustin/Documents/My\ Docs/My\ Working/M4/M4-Besigue/M4-Besigue/Views/PlayerZoneView.swift /Users/paulfaustin/Documents/My\ Docs/My\ Working/M4/M4-Besigue/M4-Besigue/Utilities/SoundConstants.swift /Users/paulfaustin/Documents/My\ Docs/My\ Working/M4/M4-Besigue/M4-Besigue/Views/GameRootView.swift /Users/paulfaustin/Documents/My\ Docs/My\ Working/M4/M4-Besigue/M4-Besigue/Views/GameBoard2/Components/GameBoardTopSection.swift /Users/paulfaustin/Documents/My\ Docs/My\ Working/M4/M4-Besigue/M4-Besigue/Views/GameBoard2/Components/MeldRowView.swift /Users/paulfaustin/Documents/My\ Docs/My\ Working/M4/M4-Besigue/M4-Besigue/Models/Card.swift /Users/paulfaustin/Documents/My\ Docs/My\ Working/M4/M4-Besigue/M4-Besigue/M4_BesigueApp.swift /Users/paulfaustin/Documents/My\ Docs/My\ Working/M4/M4-Besigue/M4-Besigue/Views/GameBoard2/Components/GamePlayersLayoutView.swift /Users/paulfaustin/Documents/My\ Docs/My\ Working/M4/M4-Besigue/M4-Besigue/Views/GameBoard2/UI/MeldOptionsView2.swift /Users/paulfaustin/Documents/My\ Docs/My\ Working/M4/M4-Besigue/M4-Besigue/Views/GameOverlayView.swift /Users/paulfaustin/Documents/My\ Docs/My\ Working/M4/M4-Besigue/M4-Besigue/Services/NetworkService.swift /Users/paulfaustin/Documents/My\ Docs/My\ Working/M4/M4-Besigue/M4-Besigue/Models/Deck.swift /Users/paulfaustin/Documents/My\ Docs/My\ Working/M4/M4-Besigue/M4-Besigue/Views/TestTableLayoutView.swift /Users/paulfaustin/Documents/My\ Docs/My\ Working/M4/M4-Besigue/M4-Besigue/Views/GameBoard2/Components/FloatingDrawPileView.swift /Users/paulfaustin/Documents/My\ Docs/My\ Working/M4/M4-Besigue/M4-Besigue/Views/CenterZoneView.swift /Users/paulfaustin/Documents/My\ Docs/My\ Working/M4/M4-Besigue/M4-Besigue/Views/GameBoard2/GameBoardView2.swift /Users/paulfaustin/Documents/My\ Docs/My\ Working/M4/M4-Besigue/M4-Besigue/Models/Settings.swift /Users/paulfaustin/Documents/My\ Docs/My\ Working/M4/M4-Besigue/M4-Besigue/Views/GameBoardViewState.swift /Users/paulfaustin/Documents/My\ Docs/My\ Working/M4/M4-Besigue/M4-Besigue/Views/GameBoard2/Components/GameScoreboardView2.swift /Users/paulfaustin/Documents/My\ Docs/My\ Working/M4/M4-Besigue/M4-Besigue/Views/GameBoard2/Components/GameBoardContentView.swift /Users/paulfaustin/Documents/My\ Docs/My\ Working/M4/M4-Besigue/M4-Besigue/Views/HandZoneView.swift /Users/paulfaustin/Documents/My\ Docs/My\ Working/M4/M4-Besigue/M4-Besigue/Views/TableBackgroundView.swift /Users/paulfaustin/Documents/My\ Docs/My\ Working/M4/M4-Besigue/M4-Besigue/Views/DecorativeMotifView.swift /Users/paulfaustin/Documents/My\ Docs/My\ Working/M4/M4-Besigue/M4-Besigue/Views/GameBoard2/Components/GamePlayerComponents.swift /Users/paulfaustin/Documents/My\ Docs/My\ Working/M4/M4-Besigue/M4-Besigue/Models/NetworkMessage.swift /Users/paulfaustin/Documents/My\ Docs/My\ Working/M4/M4-Besigue/M4-Besigue/Views/HomePageView.swift /Users/paulfaustin/Documents/My\ Docs/My\ Working/M4/M4-Besigue/M4-Besigue/Views/MultiplayerLobbyView.swift /Users/paulfaustin/Documents/My\ Docs/My\ Working/M4/M4-Besigue/M4-Besigue/ContentView.swift /Users/paulfaustin/Documents/My\ Docs/My\ Working/M4/M4-Besigue/M4-Besigue/Views/GameBoard2/Components/GamePlayerHandView.swift /Users/paulfaustin/Documents/My\ Docs/My\ Working/M4/M4-Besigue/M4-Besigue/Views/GameBoard2/Components/GameBoardFloatingButtons.swift /Users/paulfaustin/Documents/My\ Docs/My\ Working/M4/M4-Besigue/M4-Besigue/Views/GameBoardView+Constants.swift /Users/paulfaustin/Documents/My\ Docs/My\ Working/M4/M4-Besigue/M4-Besigue/Persistence.swift /Users/paulfaustin/Documents/My\ Docs/My\ Working/M4/M4-Besigue/M4-Besigue/Services/AIService.swift /Users/paulfaustin/Documents/My\ Docs/My\ Working/M4/M4-Besigue/M4-Besigue/Views/ScoreBadgeView.swift /Users/paulfaustin/Documents/My\ Docs/My\ Working/M4/M4-Besigue/M4-Besigue/Views/GameBoard2/GameBoardViewState2.swift /Users/paulfaustin/Documents/My\ Docs/My\ Working/M4/M4-Besigue/M4-Besigue/Views/HandView.swift /Users/paulfaustin/Documents/My\ Docs/My\ Working/M4/M4-Besigue/M4-Besigue/Views/SharedSettingsComponents.swift /Users/paulfaustin/Library/Developer/Xcode/DerivedData/M4-Besigue-eikqqirvrspelwbaehlhymzomkfp/Build/Intermediates.noindex/M4-Besigue.build/Debug-iphonesimulator/M4-Besigue.build/DerivedSources/CoreDataGenerated/M4_Besigue/Item+CoreDataClass.swift /Users/paulfaustin/Library/Developer/Xcode/DerivedData/M4-Besigue-eikqqirvrspelwbaehlhymzomkfp/Build/Intermediates.noindex/M4-Besigue.build/Debug-iphonesimulator/M4-Besigue.build/DerivedSources/CoreDataGenerated/M4_Besigue/Item+CoreDataProperties.swift /Users/paulfaustin/Library/Developer/Xcode/DerivedData/M4-Besigue-eikqqirvrspelwbaehlhymzomkfp/Build/Intermediates.noindex/M4-Besigue.build/Debug-iphonesimulator/M4-Besigue.build/DerivedSources/CoreDataGenerated/M4_Besigue/M4_Besigue+CoreDataModel.swift /Users/paulfaustin/Library/Developer/Xcode/DerivedData/M4-Besigue-eikqqirvrspelwbaehlhymzomkfp/Build/Intermediates.noindex/M4-Besigue.build/Debug-iphonesimulator/M4-Besigue.build/DerivedSources/GeneratedAssetSymbols.swift -emit-dependencies-path /Users/paulfaustin/Library/Developer/Xcode/DerivedData/M4-Besigue-eikqqirvrspelwbaehlhymzomkfp/Build/Intermediates.noindex/M4-Besigue.build/Debug-iphonesimulator/M4-Besigue.build/Objects-normal/arm64/CardView.d -emit-const-values-path /Users/paulfaustin/Library/Developer/Xcode/DerivedData/M4-Besigue-eikqqirvrspelwbaehlhymzomkfp/Build/Intermediates.noindex/M4-Besigue.build/Debug-iphonesimulator/M4-Besigue.build/Objects-normal/arm64/CardView.swiftconstvalues -emit-reference-dependencies-path /Users/paulfaustin/Library/Developer/Xcode/DerivedData/M4-Besigue-eikqqirvrspelwbaehlhymzomkfp/Build/Intermediates.noindex/M4-Besigue.build/Debug-iphonesimulator/M4-Besigue.build/Objects-normal/arm64/CardView.swiftdeps -serialize-diagnostics-path /Users/paulfaustin/Library/Developer/Xcode/DerivedData/M4-Besigue-eikqqirvrspelwbaehlhymzomkfp/Build/Intermediates.noindex/M4-Besigue.build/Debug-iphonesimulator/M4-Besigue.build/Objects-normal/arm64/CardView.dia -emit-dependencies-path /Users/paulfaustin/Library/Developer/Xcode/DerivedData/M4-Besigue-eikqqirvrspelwbaehlhymzomkfp/Build/Intermediates.noindex/M4-Besigue.build/Debug-iphonesimulator/M4-Besigue.build/Objects-normal/arm64/GameBoardBottomSection.d -emit-const-values-path /Users/paulfaustin/Library/Developer/Xcode/DerivedData/M4-Besigue-eikqqirvrspelwbaehlhymzomkfp/Build/Intermediates.noindex/M4-Besigue.build/Debug-iphonesimulator/M4-Besigue.build/Objects-normal/arm64/GameBoardBottomSection.swiftconstvalues -emit-reference-dependencies-path /Users/paulfaustin/Library/Developer/Xcode/DerivedData/M4-Besigue-eikqqirvrspelwbaehlhymzomkfp/Build/Intermediates.noindex/M4-Besigue.build/Debug-iphonesimulator/M4-Besigue.build/Objects-normal/arm64/GameBoardBottomSection.swiftdeps -serialize-diagnostics-path /Users/paulfaustin/Library/Developer/Xcode/DerivedData/M4-Besigue-eikqqirvrspelwbaehlhymzomkfp/Build/Intermediates.noindex/M4-Besigue.build/Debug-iphonesimulator/M4-Besigue.build/Objects-normal/arm64/GameBoardBottomSection.dia -emit-localized-strings -emit-localized-strings-path /Users/paulfaustin/Library/Developer/Xcode/DerivedData/M4-Besigue-eikqqirvrspelwbaehlhymzomkfp/Build/Intermediates.noindex/M4-Besigue.build/Debug-iphonesimulator/M4-Besigue.build/Objects-normal/arm64 -target arm64-apple-ios18.5-simulator -Xllvm -aarch64-use-tbi -enable-objc-interop -sdk /Applications/Xcode.app/Contents/Developer/Platforms/iPhoneSimulator.platform/Developer/SDKs/iPhoneSimulator18.5.sdk -I /Users/paulfaustin/Library/Developer/Xcode/DerivedData/M4-Besigue-eikqqirvrspelwbaehlhymzomkfp/Build/Products/Debug-iphonesimulator -F /Users/paulfaustin/Library/Developer/Xcode/DerivedData/M4-Besigue-eikqqirvrspelwbaehlhymzomkfp/Build/Products/Debug-iphonesimulator -no-color-diagnostics -enable-testing -g -debug-info-format\=dwarf -dwarf-version\=5 -module-cache-path /Users/paulfaustin/Library/Developer/Xcode/DerivedData/ModuleCache.noindex -profile-generate -profile-coverage-mapping -swift-version 5 -enforce-exclusivity\=checked -Onone -D DEBUG -serialize-debugging-options -const-gather-protocols-file /Users/paulfaustin/Library/Developer/Xcode/DerivedData/M4-Besigue-eikqqirvrspelwbaehlhymzomkfp/Build/Intermediates.noindex/M4-Besigue.build/Debug-iphonesimulator/M4-Besigue.build/Objects-normal/arm64/M4-Besigue_const_extract_protocols.json -enable-experimental-feature DebugDescriptionMacro -enable-bare-slash-regex -empty-abi-descriptor -validate-clang-modules-once -clang-build-session-file /Users/paulfaustin/Library/Developer/Xcode/DerivedData/ModuleCache.noindex/Session.modulevalidation -Xcc -working-directory -Xcc /Users/paulfaustin/Documents/My\ Docs/My\ Working/M4/M4-Besigue -resource-dir /Applications/Xcode.app/Contents/Developer/Toolchains/XcodeDefault.xctoolchain/usr/lib/swift -enable-anonymous-context-mangled-names -file-compilation-dir /Users/paulfaustin/Documents/My\ Docs/My\ Working/M4/M4-Besigue -Xcc -ivfsstatcache -Xcc /Users/paulfaustin/Library/Developer/Xcode/DerivedData/SDKStatCaches.noindex/iphonesimulator18.5-22F76-d5fc8ad4295d2ef488fb7d0f804ce0c4.sdkstatcache -Xcc -I/Users/paulfaustin/Library/Developer/Xcode/DerivedData/M4-Besigue-eikqqirvrspelwbaehlhymzomkfp/Build/Intermediates.noindex/M4-Besigue.build/Debug-iphonesimulator/M4-Besigue.build/swift-overrides.hmap -Xcc -iquote -Xcc /Users/paulfaustin/Library/Developer/Xcode/DerivedData/M4-Besigue-eikqqirvrspelwbaehlhymzomkfp/Build/Intermediates.noindex/M4-Besigue.build/Debug-iphonesimulator/M4-Besigue.build/M4-Besigue-generated-files.hmap -Xcc -I/Users/paulfaustin/Library/Developer/Xcode/DerivedData/M4-Besigue-eikqqirvrspelwbaehlhymzomkfp/Build/Intermediates.noindex/M4-Besigue.build/Debug-iphonesimulator/M4-Besigue.build/M4-Besigue-own-target-headers.hmap -Xcc -I/Users/paulfaustin/Library/Developer/Xcode/DerivedData/M4-Besigue-eikqqirvrspelwbaehlhymzomkfp/Build/Intermediates.noindex/M4-Besigue.build/Debug-iphonesimulator/M4-Besigue.build/M4-Besigue-all-target-headers.hmap -Xcc -iquote -Xcc /Users/paulfaustin/Library/Developer/Xcode/DerivedData/M4-Besigue-eikqqirvrspelwbaehlhymzomkfp/Build/Intermediates.noindex/M4-Besigue.build/Debug-iphonesimulator/M4-Besigue.build/M4-Besigue-project-headers.hmap -Xcc -I/Users/paulfaustin/Library/Developer/Xcode/DerivedData/M4-Besigue-eikqqirvrspelwbaehlhymzomkfp/Build/Products/Debug-iphonesimulator/include -Xcc -I/Users/paulfaustin/Library/Developer/Xcode/DerivedData/M4-Besigue-eikqqirvrspelwbaehlhymzomkfp/Build/Intermediates.noindex/M4-Besigue.build/Debug-iphonesimulator/M4-Besigue.build/DerivedSources-normal/arm64 -Xcc -I/Users/paulfaustin/Library/Developer/Xcode/DerivedData/M4-Besigue-eikqqirvrspelwbaehlhymzomkfp/Build/Intermediates.noindex/M4-Besigue.build/Debug-iphonesimulator/M4-Besigue.build/DerivedSources/arm64 -Xcc -I/Users/paulfaustin/Library/Developer/Xcode/DerivedData/M4-Besigue-eikqqirvrspelwbaehlhymzomkfp/Build/Intermediates.noindex/M4-Besigue.build/Debug-iphonesimulator/M4-Besigue.build/DerivedSources -Xcc -DDEBUG\=1 -module-name M4_Besigue -frontend-parseable-output -disable-clang-spi -target-sdk-version 18.5 -target-sdk-name iphonesimulator18.5 -external-plugin-path /Applications/Xcode.app/Contents/Developer/Platforms/iPhoneOS.platform/Developer/usr/lib/swift/host/plugins\#/Applications/Xcode.app/Contents/Developer/Platforms/iPhoneOS.platform/Developer/usr/bin/swift-plugin-server -external-plugin-path /Applications/Xcode.app/Contents/Developer/Platforms/iPhoneOS.platform/Developer/usr/local/lib/swift/host/plugins\#/Applications/Xcode.app/Contents/Developer/Platforms/iPhoneOS.platform/Developer/usr/bin/swift-plugin-server -in-process-plugin-server-path /Applications/Xcode.app/Contents/Developer/Toolchains/XcodeDefault.xctoolchain/usr/lib/swift/host/libSwiftInProcPluginServer.dylib -plugin-path /Applications/Xcode.app/Contents/Developer/Toolchains/XcodeDefault.xctoolchain/usr/lib/swift/host/plugins -plugin-path /Applications/Xcode.app/Contents/Developer/Toolchains/XcodeDefault.xctoolchain/usr/local/lib/swift/host/plugins -o /Users/paulfaustin/Library/Developer/Xcode/DerivedData/M4-Besigue-eikqqirvrspelwbaehlhymzomkfp/Build/Intermediates.noindex/M4-Besigue.build/Debug-iphonesimulator/M4-Besigue.build/Objects-normal/arm64/CardView.o -o /Users/paulfaustin/Library/Developer/Xcode/DerivedData/M4-Besigue-eikqqirvrspelwbaehlhymzomkfp/Build/Intermediates.noindex/M4-Besigue.build/Debug-iphonesimulator/M4-Besigue.build/Objects-normal/arm64/GameBoardBottomSection.o -index-unit-output-path /M4-Besigue.build/Debug-iphonesimulator/M4-Besigue.build/Objects-normal/arm64/CardView.o -index-unit-output-path /M4-Besigue.build/Debug-iphonesimulator/M4-Besigue.build/Objects-normal/arm64/GameBoardBottomSection.o -index-store-path /Users/paulfaustin/Library/Developer/Xcode/DerivedData/M4-Besigue-eikqqirvrspelwbaehlhymzomkfp/Index.noindex/DataStore -index-system-modules

SwiftCompile normal arm64 /Users/paulfaustin/Documents/My\ Docs/My\ Working/M4/M4-Besigue/M4-Besigue/Views/CardView.swift (in target 'M4-Besigue' from project 'M4-Besigue')
    cd /Users/paulfaustin/Documents/My\ Docs/My\ Working/M4/M4-Besigue
    
/Users/paulfaustin/Documents/My Docs/My Working/M4/M4-Besigue/M4-Besigue/Views/CardView.swift:159:17: error: cannot find 'onDragEnd' in scope
                onDragEnd()
                ^~~~~~~~~

SwiftCompile normal arm64 /Users/paulfaustin/Documents/My\ Docs/My\ Working/M4/M4-Besigue/M4-Besigue/Views/GameBoard2/Components/GameBoardBottomSection.swift (in target 'M4-Besigue' from project 'M4-Besigue')
    cd /Users/paulfaustin/Documents/My\ Docs/My\ Working/M4/M4-Besigue
    

SwiftCompile normal arm64 Compiling\ PlayerTable.swift,\ GameBoardCenterSection.swift /Users/paulfaustin/Documents/My\ Docs/My\ Working/M4/M4-Besigue/M4-Besigue/Views/GameBoard2/Components/PlayerTable.swift /Users/paulfaustin/Documents/My\ Docs/My\ Working/M4/M4-Besigue/M4-Besigue/Views/GameBoard2/Components/GameBoardCenterSection.swift (in target 'M4-Besigue' from project 'M4-Besigue')

SwiftCompile normal arm64 /Users/paulfaustin/Documents/My\ Docs/My\ Working/M4/M4-Besigue/M4-Besigue/Views/GameBoard2/Components/PlayerTable.swift (in target 'M4-Besigue' from project 'M4-Besigue')
    cd /Users/paulfaustin/Documents/My\ Docs/My\ Working/M4/M4-Besigue
    

SwiftCompile normal arm64 /Users/paulfaustin/Documents/My\ Docs/My\ Working/M4/M4-Besigue/M4-Besigue/Views/GameBoard2/Components/GameBoardCenterSection.swift (in target 'M4-Besigue' from project 'M4-Besigue')
    cd /Users/paulfaustin/Documents/My\ Docs/My\ Working/M4/M4-Besigue
    

SwiftCompile normal arm64 Compiling\ GameRootView.swift,\ GameBoardTopSection.swift /Users/paulfaustin/Documents/My\ Docs/My\ Working/M4/M4-Besigue/M4-Besigue/Views/GameRootView.swift /Users/paulfaustin/Documents/My\ Docs/My\ Working/M4/M4-Besigue/M4-Besigue/Views/GameBoard2/Components/GameBoardTopSection.swift (in target 'M4-Besigue' from project 'M4-Besigue')

SwiftCompile normal arm64 /Users/paulfaustin/Documents/My\ Docs/My\ Working/M4/M4-Besigue/M4-Besigue/Views/GameRootView.swift (in target 'M4-Besigue' from project 'M4-Besigue')
    cd /Users/paulfaustin/Documents/My\ Docs/My\ Working/M4/M4-Besigue
    

SwiftCompile normal arm64 /Users/paulfaustin/Documents/My\ Docs/My\ Working/M4/M4-Besigue/M4-Besigue/Views/GameBoard2/Components/GameBoardTopSection.swift (in target 'M4-Besigue' from project 'M4-Besigue')
    cd /Users/paulfaustin/Documents/My\ Docs/My\ Working/M4/M4-Besigue
    

SwiftEmitModule normal arm64 Emitting\ module\ for\ M4_Besigue (in target 'M4-Besigue' from project 'M4-Besigue')
EmitSwiftModule normal arm64 (in target 'M4-Besigue' from project 'M4-Besigue')
    cd /Users/paulfaustin/Documents/My\ Docs/My\ Working/M4/M4-Besigue
    

SwiftCompile normal arm64 Compiling\ GameBoardFloatingButtons.swift /Users/paulfaustin/Documents/My\ Docs/My\ Working/M4/M4-Besigue/M4-Besigue/Views/GameBoard2/Components/GameBoardFloatingButtons.swift (in target 'M4-Besigue' from project 'M4-Besigue')

SwiftCompile normal arm64 /Users/paulfaustin/Documents/My\ Docs/My\ Working/M4/M4-Besigue/M4-Besigue/Views/GameBoard2/Components/GameBoardFloatingButtons.swift (in target 'M4-Besigue' from project 'M4-Besigue')
    cd /Users/paulfaustin/Documents/My\ Docs/My\ Working/M4/M4-Besigue
    

SwiftCompile normal arm64 Compiling\ GameBoardViewState2.swift /Users/paulfaustin/Documents/My\ Docs/My\ Working/M4/M4-Besigue/M4-Besigue/Views/GameBoard2/GameBoardViewState2.swift (in target 'M4-Besigue' from project 'M4-Besigue')

SwiftCompile normal arm64 /Users/paulfaustin/Documents/My\ Docs/My\ Working/M4/M4-Besigue/M4-Besigue/Views/GameBoard2/GameBoardViewState2.swift (in target 'M4-Besigue' from project 'M4-Besigue')
    cd /Users/paulfaustin/Documents/My\ Docs/My\ Working/M4/M4-Besigue
    

SwiftCompile normal arm64 Compiling\ GamePlayerHandView.swift /Users/paulfaustin/Documents/My\ Docs/My\ Working/M4/M4-Besigue/M4-Besigue/Views/GameBoard2/Components/GamePlayerHandView.swift (in target 'M4-Besigue' from project 'M4-Besigue')

SwiftCompile normal arm64 /Users/paulfaustin/Documents/My\ Docs/My\ Working/M4/M4-Besigue/M4-Besigue/Views/GameBoard2/Components/GamePlayerHandView.swift (in target 'M4-Besigue' from project 'M4-Besigue')
    cd /Users/paulfaustin/Documents/My\ Docs/My\ Working/M4/M4-Besigue
    

SwiftDriverJobDiscovery normal arm64 Compiling GamePlayersLayoutView.swift, GameBoardView2.swift (in target 'M4-Besigue' from project 'M4-Besigue')

SwiftDriverJobDiscovery normal arm64 Compiling GameBoardFloatingButtons.swift (in target 'M4-Besigue' from project 'M4-Besigue')

SwiftDriverJobDiscovery normal arm64 Compiling PlayerTable.swift, GameBoardCenterSection.swift (in target 'M4-Besigue' from project 'M4-Besigue')

SwiftDriverJobDiscovery normal arm64 Compiling GameRootView.swift, GameBoardTopSection.swift (in target 'M4-Besigue' from project 'M4-Besigue')

note: Disabling hardened runtime with ad-hoc codesigning. (in target 'M4-Besigue' from project 'M4-Besigue')
